// Jest Snapshot v1, https://goo.gl/fbAQLP

exports[`pages | contractualisation render should match snapshot 1`] = `<contractualisation />`;
