// Jest Snapshot v1, https://goo.gl/fbAQLP

exports[`pages | contractualisation-fc render should match snapshot 1`] = `<contractualisation-fc />`;
