// Jest Snapshot v1, https://goo.gl/fbAQLP

exports[`pages | documentation render should match snapshot 1`] = `<documentation />`;
