// Jest Snapshot v1, https://goo.gl/fbAQLP

exports[`components | AddToSelectionButton render should match snapshot 1`] = `
<a
  href="/contractualisation"
  onClick={[Function]}
>
  Ajouter à ma sélection de jeux de données !
</a>
`;
