// Jest Snapshot v1, https://goo.gl/fbAQLP

exports[`components | Search render should match snapshot 1`] = `
<div
  className="jsx-2078901220 form__container"
>
  <div
    className="jsx-2078901220 form__group"
  >
    <label
      className="jsx-2078901220"
      htmlFor="search"
    >
      Rechercher une donn√©e :
    </label>
    <div
      className="jsx-2078901220 search__group"
    >
      <input
        className="jsx-2078901220  value="
        id="search"
        name="search"
        type="text"
      />
      <button
        aria-label="Recherche"
        className="jsx-2078901220 overlay-button"
      >
        <svg
          className="jsx-2078901220 icon icon-search"
        >
          <use
            className="jsx-2078901220"
            xlinkHref="#icon-search"
          />
        </svg>
      </button>
    </div>
  </div>
</div>
`;
