// Jest Snapshot v1, https://goo.gl/fbAQLP

exports[`components | Services render should match snapshot 1`] = `
<div
  className="form__group"
>
  <label>
    Qui utilise ces donn√©es ?
  </label>
  <ul
    className="tag-list"
  >
    <li
      className="tag"
    >
      <a
        href="./static/images/services-providers/mes-aides-logo.png"
      >
        Mes aides
      </a>
    </li>
    <li
      className="tag"
    >
      <a
        href="./static/images/services-providers/anah-logo.png"
      >
        Anah
      </a>
    </li>
  </ul>
</div>
`;
