// Jest Snapshot v1, https://goo.gl/fbAQLP

exports[`components | Services render should match snapshot 1`] = `
<div
  className="form__group"
>
  <label>
    Qui utilise ces donn√©es ?
  </label>
  <ul
    className="tag-list"
  >
    <li
      className="tag"
    >
      <a
        href={undefined}
      >
        BourseSCO
      </a>
    </li>
    <li
      className="tag"
    >
      <a
        href={undefined}
      >
        Lyon : Mon compte
      </a>
    </li>
  </ul>
</div>
`;
