// Jest Snapshot v1, https://goo.gl/fbAQLP

exports[`components | TryMeButton render should match snapshot 1`] = `
<a
  className="button button-secondary"
  href="http://fakeurl.com"
  onClick={[Function]}
>
  Essayez-moi !
</a>
`;
